Error al revisar las reservaciones: Error: Can't add new command when connection is in closed state
    at PromiseConnection.query (C:\reserva-salas\backend\node_modules\mysql2\promise.js:94:22)
    at reservationModel.getByDate (file:///C:/reserva-salas/backend/models/mysql/reservationModel.js:218:45)
    at notificationService (file:///C:/reserva-salas/backend/services/notificationService.js:13:61)
    at cron.schedule.timezone [as _execution] (file:///C:/reserva-salas/backend/app.js:48:5)
    at Task.execute (C:\reserva-salas\backend\node_modules\node-cron\src\task.js:17:25)
    at ScheduledTask.now (C:\reserva-salas\backend\node_modules\node-cron\src\scheduled-task.js:38:33)
    at Scheduler.<anonymous> (C:\reserva-salas\backend\node_modules\node-cron\src\scheduled-task.js:25:18)
    at Scheduler.emit (node:events:507:28)
    at Timeout.matchTime [as _onTimeout] (C:\reserva-salas\backend\node_modules\node-cron\src\scheduler.js:30:26)
    at listOnTimeout (node:internal/timers:608:17) {
  code: undefined,
  errno: undefined,
  sql: undefined,
  sqlState: undefined,
  sqlMessage: undefined
}
Error al revisar las reservaciones: Error: Can't add new command when connection is in closed state
    at PromiseConnection.query (C:\reserva-salas\backend\node_modules\mysql2\promise.js:94:22)
    at reservationModel.getByDate (file:///C:/reserva-salas/backend/models/mysql/reservationModel.js:218:45)
    at notificationService (file:///C:/reserva-salas/backend/services/notificationService.js:13:61)
    at cron.schedule.timezone [as _execution] (file:///C:/reserva-salas/backend/app.js:48:5)
    at Task.execute (C:\reserva-salas\backend\node_modules\node-cron\src\task.js:17:25)
    at ScheduledTask.now (C:\reserva-salas\backend\node_modules\node-cron\src\scheduled-task.js:38:33)
    at Scheduler.<anonymous> (C:\reserva-salas\backend\node_modules\node-cron\src\scheduled-task.js:25:18)
    at Scheduler.emit (node:events:507:28)
    at Timeout.matchTime [as _onTimeout] (C:\reserva-salas\backend\node_modules\node-cron\src\scheduler.js:30:26)
    at listOnTimeout (node:internal/timers:608:17) {
  code: undefined,
  errno: undefined,
  sql: undefined,
  sqlState: undefined,
  sqlMessage: undefined
}
Error al revisar las reservaciones: Error: Can't add new command when connection is in closed state
    at PromiseConnection.query (C:\reserva-salas\backend\node_modules\mysql2\promise.js:94:22)
    at reservationModel.getByDate (file:///C:/reserva-salas/backend/models/mysql/reservationModel.js:218:45)
    at notificationService (file:///C:/reserva-salas/backend/services/notificationService.js:13:61)
    at cron.schedule.timezone [as _execution] (file:///C:/reserva-salas/backend/app.js:48:5)
    at Task.execute (C:\reserva-salas\backend\node_modules\node-cron\src\task.js:17:25)
    at ScheduledTask.now (C:\reserva-salas\backend\node_modules\node-cron\src\scheduled-task.js:38:33)
    at Scheduler.<anonymous> (C:\reserva-salas\backend\node_modules\node-cron\src\scheduled-task.js:25:18)
    at Scheduler.emit (node:events:507:28)
    at Timeout.matchTime [as _onTimeout] (C:\reserva-salas\backend\node_modules\node-cron\src\scheduler.js:30:26)
    at listOnTimeout (node:internal/timers:608:17) {
  code: undefined,
  errno: undefined,
  sql: undefined,
  sqlState: undefined,
  sqlMessage: undefined
}
Error al obtener las salas: Error: Can't add new command when connection is in closed state
    at PromiseConnection.query (C:\reserva-salas\backend\node_modules\mysql2\promise.js:94:22)
    at RoomModel.getAll (file:///C:/reserva-salas/backend/models/mysql/roomModel.js:11:42)
    at getAll (file:///C:/reserva-salas/backend/controllers/roomController.js:7:43)
    at Layer.handle [as handle_request] (C:\reserva-salas\backend\node_modules\express\lib\router\layer.js:95:5)
    at next (C:\reserva-salas\backend\node_modules\express\lib\router\route.js:149:13)
    at Route.dispatch (C:\reserva-salas\backend\node_modules\express\lib\router\route.js:119:3)
    at Layer.handle [as handle_request] (C:\reserva-salas\backend\node_modules\express\lib\router\layer.js:95:5)
    at C:\reserva-salas\backend\node_modules\express\lib\router\index.js:284:15
    at router.process_params (C:\reserva-salas\backend\node_modules\express\lib\router\index.js:346:12)
    at next (C:\reserva-salas\backend\node_modules\express\lib\router\index.js:280:10) {
  code: undefined,
  errno: undefined,
  sql: undefined,
  sqlState: undefined,
  sqlMessage: undefined
}
Error al obtener las salas: Error: Can't add new command when connection is in closed state
    at PromiseConnection.query (C:\reserva-salas\backend\node_modules\mysql2\promise.js:94:22)
    at RoomModel.getAll (file:///C:/reserva-salas/backend/models/mysql/roomModel.js:11:42)
    at getAll (file:///C:/reserva-salas/backend/controllers/roomController.js:7:43)
    at Layer.handle [as handle_request] (C:\reserva-salas\backend\node_modules\express\lib\router\layer.js:95:5)
    at next (C:\reserva-salas\backend\node_modules\express\lib\router\route.js:149:13)
    at Route.dispatch (C:\reserva-salas\backend\node_modules\express\lib\router\route.js:119:3)
    at Layer.handle [as handle_request] (C:\reserva-salas\backend\node_modules\express\lib\router\layer.js:95:5)
    at C:\reserva-salas\backend\node_modules\express\lib\router\index.js:284:15
    at router.process_params (C:\reserva-salas\backend\node_modules\express\lib\router\index.js:346:12)
    at next (C:\reserva-salas\backend\node_modules\express\lib\router\index.js:280:10) {
  code: undefined,
  errno: undefined,
  sql: undefined,
  sqlState: undefined,
  sqlMessage: undefined
}
C:\reserva-salas\backend\node_modules\mysql2\promise.js:94
    const localErr = new Error();
                     ^

Error: Can't add new command when connection is in closed state
    at PromiseConnection.query (C:\reserva-salas\backend\node_modules\mysql2\promise.js:94:22)
    at userModel.getAll (file:///C:/reserva-salas/backend/models/mysql/userModel.js:11:42)
    at getAll (file:///C:/reserva-salas/backend/controllers/userController.js:9:39)
    at Layer.handle [as handle_request] (C:\reserva-salas\backend\node_modules\express\lib\router\layer.js:95:5)
    at next (C:\reserva-salas\backend\node_modules\express\lib\router\route.js:149:13)
    at Route.dispatch (C:\reserva-salas\backend\node_modules\express\lib\router\route.js:119:3)
    at Layer.handle [as handle_request] (C:\reserva-salas\backend\node_modules\express\lib\router\layer.js:95:5)
    at C:\reserva-salas\backend\node_modules\express\lib\router\index.js:284:15
    at router.process_params (C:\reserva-salas\backend\node_modules\express\lib\router\index.js:346:12)
    at next (C:\reserva-salas\backend\node_modules\express\lib\router\index.js:280:10) {
  code: undefined,
  errno: undefined,
  sql: undefined,
  sqlState: undefined,
  sqlMessage: undefined
}

Node.js v24.1.0
Error al revisar las reservaciones: Error: Can't add new command when connection is in closed state
    at PromiseConnection.query (C:\reserva-salas\backend\node_modules\mysql2\promise.js:94:22)
    at reservationModel.getByDate (file:///C:/reserva-salas/backend/models/mysql/reservationModel.js:218:45)
    at notificationService (file:///C:/reserva-salas/backend/services/notificationService.js:13:61)
    at cron.schedule.timezone [as _execution] (file:///C:/reserva-salas/backend/app.js:46:5)
    at Task.execute (C:\reserva-salas\backend\node_modules\node-cron\src\task.js:17:25)
    at ScheduledTask.now (C:\reserva-salas\backend\node_modules\node-cron\src\scheduled-task.js:38:33)
    at Scheduler.<anonymous> (C:\reserva-salas\backend\node_modules\node-cron\src\scheduled-task.js:25:18)
    at Scheduler.emit (node:events:507:28)
    at Timeout.matchTime [as _onTimeout] (C:\reserva-salas\backend\node_modules\node-cron\src\scheduler.js:30:26)
    at listOnTimeout (node:internal/timers:608:17) {
  code: undefined,
  errno: undefined,
  sql: undefined,
  sqlState: undefined,
  sqlMessage: undefined
}
Error al revisar las reservaciones: Error: Can't add new command when connection is in closed state
    at PromiseConnection.query (C:\reserva-salas\backend\node_modules\mysql2\promise.js:94:22)
    at reservationModel.getByDate (file:///C:/reserva-salas/backend/models/mysql/reservationModel.js:218:45)
    at notificationService (file:///C:/reserva-salas/backend/services/notificationService.js:13:61)
    at cron.schedule.timezone [as _execution] (file:///C:/reserva-salas/backend/app.js:46:5)
    at Task.execute (C:\reserva-salas\backend\node_modules\node-cron\src\task.js:17:25)
    at ScheduledTask.now (C:\reserva-salas\backend\node_modules\node-cron\src\scheduled-task.js:38:33)
    at Scheduler.<anonymous> (C:\reserva-salas\backend\node_modules\node-cron\src\scheduled-task.js:25:18)
    at Scheduler.emit (node:events:507:28)
    at Timeout.matchTime [as _onTimeout] (C:\reserva-salas\backend\node_modules\node-cron\src\scheduler.js:30:26)
    at listOnTimeout (node:internal/timers:608:17) {
  code: undefined,
  errno: undefined,
  sql: undefined,
  sqlState: undefined,
  sqlMessage: undefined
}
Error al revisar las reservaciones: Error: Can't add new command when connection is in closed state
    at PromiseConnection.query (C:\reserva-salas\backend\node_modules\mysql2\promise.js:94:22)
    at reservationModel.getByDate (file:///C:/reserva-salas/backend/models/mysql/reservationModel.js:218:45)
    at notificationService (file:///C:/reserva-salas/backend/services/notificationService.js:13:61)
    at cron.schedule.timezone [as _execution] (file:///C:/reserva-salas/backend/app.js:46:5)
    at Task.execute (C:\reserva-salas\backend\node_modules\node-cron\src\task.js:17:25)
    at ScheduledTask.now (C:\reserva-salas\backend\node_modules\node-cron\src\scheduled-task.js:38:33)
    at Scheduler.<anonymous> (C:\reserva-salas\backend\node_modules\node-cron\src\scheduled-task.js:25:18)
    at Scheduler.emit (node:events:507:28)
    at Timeout.matchTime [as _onTimeout] (C:\reserva-salas\backend\node_modules\node-cron\src\scheduler.js:30:26)
    at listOnTimeout (node:internal/timers:608:17) {
  code: undefined,
  errno: undefined,
  sql: undefined,
  sqlState: undefined,
  sqlMessage: undefined
}
Error al revisar las reservaciones: Error: Can't add new command when connection is in closed state
    at PromiseConnection.query (C:\reserva-salas\backend\node_modules\mysql2\promise.js:94:22)
    at reservationModel.getByDate (file:///C:/reserva-salas/backend/models/mysql/reservationModel.js:218:45)
    at notificationService (file:///C:/reserva-salas/backend/services/notificationService.js:13:61)
    at cron.schedule.timezone [as _execution] (file:///C:/reserva-salas/backend/app.js:46:5)
    at Task.execute (C:\reserva-salas\backend\node_modules\node-cron\src\task.js:17:25)
    at ScheduledTask.now (C:\reserva-salas\backend\node_modules\node-cron\src\scheduled-task.js:38:33)
    at Scheduler.<anonymous> (C:\reserva-salas\backend\node_modules\node-cron\src\scheduled-task.js:25:18)
    at Scheduler.emit (node:events:507:28)
    at Timeout.matchTime [as _onTimeout] (C:\reserva-salas\backend\node_modules\node-cron\src\scheduler.js:30:26)
    at listOnTimeout (node:internal/timers:608:17) {
  code: undefined,
  errno: undefined,
  sql: undefined,
  sqlState: undefined,
  sqlMessage: undefined
}
Error al revisar las reservaciones: Error: Can't add new command when connection is in closed state
    at PromiseConnection.query (C:\reserva-salas\backend\node_modules\mysql2\promise.js:94:22)
    at reservationModel.getByDate (file:///C:/reserva-salas/backend/models/mysql/reservationModel.js:218:45)
    at notificationService (file:///C:/reserva-salas/backend/services/notificationService.js:13:61)
    at cron.schedule.timezone [as _execution] (file:///C:/reserva-salas/backend/app.js:46:5)
    at Task.execute (C:\reserva-salas\backend\node_modules\node-cron\src\task.js:17:25)
    at ScheduledTask.now (C:\reserva-salas\backend\node_modules\node-cron\src\scheduled-task.js:38:33)
    at Scheduler.<anonymous> (C:\reserva-salas\backend\node_modules\node-cron\src\scheduled-task.js:25:18)
    at Scheduler.emit (node:events:507:28)
    at Timeout.matchTime [as _onTimeout] (C:\reserva-salas\backend\node_modules\node-cron\src\scheduler.js:30:26)
    at listOnTimeout (node:internal/timers:608:17) {
  code: undefined,
  errno: undefined,
  sql: undefined,
  sqlState: undefined,
  sqlMessage: undefined
}

<--- Last few GCs --->

[8956:00000214F2181000]      960 ms: Mark-Compact 23.4 (55.6) -> 6.5 (40.0) MB, pooled: 0 MB, 5.88 / 0.01 ms  (+ 0.2 ms in 5 steps since start of marking, biggest step 0.1 ms, walltime since start of marking 13 ms) (average mu = 0.981, current mu = 0.976)[8956:00000214F2181000]     1098 ms: Scavenge (interleaved) 34.1 (51.6) -> 18.4 (51.6) MB, pooled: 15 MB, 1.63 / 0.00 ms  (average mu = 0.981, current mu = 0.976) allocation failure; 

FATAL ERROR: Committing semi space failed. Allocation failed - JavaScript heap out of memory
----- Native stack trace -----

 1: 00007FF60DBB0FA9 
 2: 00007FF60E7DF6E7 
 3: 00007FF60E5E19B7 
 4: 00007FF60E57A89B 
 5: 00007FF60E55249E 
 6: 00007FF60E5E4442 
 7: 00007FF60E5E3407 
 8: 00007FF60E5F4282 
 9: 00007FF60E5F3DAB 
10: 00007FF60F9302ED 
11: 00007FF60E5DF4E0 
12: 00007FF60E5F9BAA 
13: 00007FF60E6058D8 
14: 00007FF60E620A74 
15: 00007FF60E62094C 
16: 00007FF60E607AB9 
17: 00007FF60E607C22 
18: 00007FF60E7DF4E2 
19: 00007FF60DB35832 
20: 00007FF60DB3AF7C 
21: 00007FF60F73A08D 
22: 0000021480089764 

<--- Last few GCs --->

[5128:0000016F7B691000]      460 ms: Mark-Compact 25.3 (58.1) -> 6.0 (40.5) MB, pooled: 0 MB, 5.24 / 0.00 ms  (+ 0.3 ms in 5 steps since start of marking, biggest step 0.1 ms, walltime since start of marking 13 ms) (average mu = 0.977, current mu = 0.974)[5128:0000016F7B691000]      638 ms: Scavenge (interleaved) 33.6 (52.1) -> 17.9 (52.1) MB, pooled: 10 MB, 1.74 / 0.00 ms  (average mu = 0.977, current mu = 0.974) allocation failure; 

FATAL ERROR: Committing semi space failed. Allocation failed - JavaScript heap out of memory
----- Native stack trace -----

 1: 00007FF60DBB0FA9 
 2: 00007FF60E7DF6E7 
 3: 00007FF60E5E19B7 
 4: 00007FF60E57A89B 
 5: 00007FF60E55249E 
 6: 00007FF60E5E4442 
 7: 00007FF60E5E3407 
 8: 00007FF60E5F4282 
 9: 00007FF60E5F3DAB 
10: 00007FF60F9302ED 
11: 00007FF60E5DF4E0 
12: 00007FF60E5F9BAA 
13: 00007FF60E6058D8 
14: 00007FF60E620A74 
15: 00007FF60E62094C 
16: 00007FF60E607AB9 
17: 00007FF60E607C22 
18: 00007FF60E7DF4E2 
19: 00007FF60DB35832 
20: 00007FF60DB3AF7C 
21: 00007FF60F73A08D 
22: 0000016F1008A1E4 

<--- Last few GCs --->

[3532:000001BDD5C71000]      402 ms: Mark-Compact 23.6 (56.1) -> 6.0 (39.2) MB, pooled: 0 MB, 5.55 / 0.00 ms  (+ 0.4 ms in 5 steps since start of marking, biggest step 0.2 ms, walltime since start of marking 13 ms) (average mu = 0.974, current mu = 0.964)[3532:000001BDD5C71000]      497 ms: Scavenge (interleaved) 33.6 (50.9) -> 17.9 (50.9) MB, pooled: 13 MB, 1.40 / 0.00 ms  (average mu = 0.974, current mu = 0.964) allocation failure; 

FATAL ERROR: Committing semi space failed. Allocation failed - JavaScript heap out of memory
----- Native stack trace -----

 1: 00007FF60DBB0FA9 
 2: 00007FF60E7DF6E7 
 3: 00007FF60E5E19B7 
 4: 00007FF60E57A89B 
 5: 00007FF60E55249E 
 6: 00007FF60E5E4442 
 7: 00007FF60E5E3407 
 8: 00007FF60E5F4282 
 9: 00007FF60E5F3DAB 
10: 00007FF60F9302ED 
11: 00007FF60E5DF4E0 
12: 00007FF60E5F9BAA 
13: 00007FF60E6058D8 
14: 00007FF60E620A74 
15: 00007FF60E62094C 
16: 00007FF60E607AB9 
17: 00007FF60E607C22 
18: 00007FF60E7DF4E2 
19: 00007FF60DB35832 
20: 00007FF60DB3AF7C 
21: 00007FF60F73A08D 
22: 000001BDD5DCA1E4 
