http://localhost:3000
null
Correo enviado: 250 2.0.0 OK  1753378061 d75a77b69052e-4ae7e545ddcsm14306831cf.51 - gsmtp
115890695
115890695
null
null
null
null
115890695
115890695
null
null
null
Correo enviado: 250 2.0.0 OK  1753380133 d75a77b69052e-4ae7e518b7esm14566191cf.33 - gsmtp
http://localhost:3000
Correo enviado: 250 2.0.0 OK  1753386169 af79cd13be357-7e632e387a5sm157646885a.77 - gsmtp
No hay reservaciones a 3 días de realizarse.
http://localhost:3000
null
null
115890695
115890695
115890695
115890695
null
null
null
No hay reservaciones a 3 días de realizarse.
http://localhost:3000
http://localhost:3000
null
null
115890695
115890695
115890695
null
null
115890695
null
null
No hay reservaciones a 3 días de realizarse.
null
http://localhost:3000
http://localhost:3000
null
null
